exports[`getGeneralInfo fetches general movie info from kinopoisk for a given id 1`] = `
Object {
  "ageRating": 12,
  "genres": Array [
    "фантастика",
    "фэнтези",
    "боевик",
  ],
  "imdbID": "tt5613052",
  "imdbRating": 8.2,
  "imdbRatingVoteCount": 590,
  "kpId": 714888,
  "kpRating": 7.2,
  "kpRatingVoteCount": 113,
  "mpaaRating": "PG-13",
  "posterUrl": "http://st.kp.yandex.net/images/film_iphone/iphone360_714888.jpg?d=20151105180111",
  "rtCriticsRating": 92,
  "rtCriticsRatingVoteCount": 346,
  "runtime": 138,
  "synopsis": Object {
    "ru": "Через тридцать лет после гибели Дарта Вейдера и Императора галактика по-прежнему в опасности. Государственное образование Первый Орден во главе с таинственным верховным лидером Сноуком и его правой рукой Кайло Реном идёт по стопам Империи, пытаясь захватить всю власть. В это нелёгкое время судьба сводит юную девушку Рей и бывшего штурмовика Первого Ордена Финна с героями войны с Империей - Ханом Соло, Чубаккой и генералом Леей. Вместе они должны дать бой Первому Ордену, однако настаёт тот момент, когда становится очевидно, что лишь джедаи могут остановить Сноука и Кайло Рена.",
  },
  "title": Object {
    "original": "Star Wars: Episode VII - The Force Awakens",
    "ru": "Звёздные войны: Пробуждение силы",
  },
  "year": 2015,
}
`;
