exports[`kinopoisk/getGeneralInfo fetches general movie info from kinopoisk for a given id 1`] = `
Object {
  "ageRating": "Number",
  "genres": "Array<String>",
  "imdbID": "String",
  "imdbRating": "Number",
  "imdbRatingVoteCount": "Number",
  "kpId": "Number",
  "kpRating": "Number",
  "kpRatingVoteCount": "Number",
  "mpaaRating": "String",
  "posterUrl": "String",
  "rtCriticsRating": "Number",
  "rtCriticsRatingVoteCount": "Number",
  "runtime": "Number",
  "synopsis": Object {
    "ru": "String",
  },
  "title": Object {
    "original": "String",
    "ru": "String",
  },
  "year": "Number",
}
`;
