// Jest Snapshot v1, https://goo.gl/fbAQLP

exports[`Trakt fetches movie info for a given trakt slug 1`] = `
Object {
  "genres": "Array<string>",
  "homepage": "string",
  "imdbId": "string",
  "mpaaRating": "string",
  "originalLanguage": "string",
  "releaseDate": "string",
  "runtime": "number",
  "synopsis": "string",
  "tagline": "string",
  "title": "string",
  "tmdbId": "number",
  "traktId": "number",
  "traktRating": "number",
  "traktRatingVoteCount": "number",
  "traktSlug": "string",
  "year": "number",
  "ytTrailerId": "string",
}
`;

exports[`Trakt fetches movie stats for a given trakt slug 1`] = `
Object {
  "collectors": "number",
  "comments": "number",
  "lists": "number",
  "plays": "number",
  "votes": "number",
  "watchers": "number",
}
`;

exports[`Trakt fetches trakt slug by imdb id 1`] = `"star-wars-the-force-awakens-2015"`;
